Microchip MPLAB XC8 Compiler V2.32

Linker command line:

-W-3 --edf=C:\Program Files\Microchip\xc8\v2.32\pic\dat\en_msgs.txt -cn \
  -h+dist/default/production\PruebaI2C.X.production.sym \
  --cmf=dist/default/production\PruebaI2C.X.production.cmf -z -Q18F4550 \
  -oC:\Users\usr\AppData\Local\Temp\xcAsdd0.4 \
  -Mdist/default/production/PruebaI2C.X.production.map -E1 \
  -ver=XC8 Compiler -ASTACK=060h-07FFh -pstack=STACK -ACODE=00h-07FFFh \
  -ACONST=00h-07FFFh -ASMALLCONST=0800h-08FFhx120 \
  -AMEDIUMCONST=0800h-07FFFh -ACOMRAM=01h-05Fh -AABS1=00h-07FFh \
  -ABIGRAM=01h-07FFh -ARAM=060h-0FFh,0100h-01FFhx7 -ABANK0=060h-0FFh \
  -ABANK1=0100h-01FFh -ABANK2=0200h-02FFh -ABANK3=0300h-03FFh \
  -ABANK4=0400h-04FFh -ABANK5=0500h-05FFh -ABANK6=0600h-06FFh \
  -ABANK7=0700h-07FFh -ASFR=0F60h-0FFFh -ACONFIG=0300000h-030000Dh \
  -AIDLOC=0200000h-0200007h -AEEDATA=0F00000h-0F000FFh -peeprom_data=EEDATA \
  -preset_vec=00h,intcode,intcodelo,powerup,init -pramtop=0800h \
  -psmallconst=SMALLCONST -pmediumconst=MEDIUMCONST -pconst=CONST \
  -AFARRAM=00h-00h \
  -prdata=COMRAM,nvrram=COMRAM,nvbit=COMRAM,rbss=COMRAM,rbit=COMRAM \
  -pfarbss=FARRAM,fardata=FARRAM,nvFARRAM=FARRAM \
  -pintsave_regs=BIGRAM,bigbss=BIGRAM,bigdata=BIGRAM -pbss=RAM \
  -pidata=CODE,irdata=CODE,ibigdata=CODE,ifardata=CODE -prparam=COMRAM \
  C:\Users\usr\AppData\Local\Temp\xcAsdd0.obj \
  dist/default/production\PruebaI2C.X.production.obj 

Object code version is 3.11

Machine type is 18F4550



                Name                               Link     Load   Length Selector   Space Scale
C:\Users\usr\AppData\Local\Temp\xcAsdd0.obj
                idloc                            200000   200000        8        0       5
                config                           300000   300000        E        0       4
                init                                  0        0        4        0       0
dist/default/production\PruebaI2C.X.production.obj
                idloc                            200000   200000        8        0       5
                config                           300000   300000        E        0       4
                text5                              7F00     7F00        8     3F80       0
                text4                              7F08     7F08        8     3F84       0
                text3                              7F18     7F18       2E     3F8C       0
                text2                              7F10     7F10        8     3F88       0
                text1                              7F46     7F46       3C     3FA3       0
                text0                              7F82     7F82       7E     3FC1       0
                cstackCOMRAM                          1        1        6        1       1
                cinit                              7EFA     7EFA        6     3F7D       0

TOTAL           Name                               Link     Load   Length     Space
        CLASS   STACK          

        CLASS   CODE           
                init                                  0        0        4         0
                text5                              7F00     7F00        8         0
                text4                              7F08     7F08        8         0
                text3                              7F18     7F18       2E         0
                text2                              7F10     7F10        8         0
                text1                              7F46     7F46       3C         0
                text0                              7F82     7F82       7E         0
                cinit                              7EFA     7EFA        6         0

        CLASS   CONST          

        CLASS   SMALLCONST     

        CLASS   MEDIUMCONST    

        CLASS   COMRAM         
                cstackCOMRAM                          1        1        6         1

        CLASS   ABS1           

        CLASS   BIGRAM         

        CLASS   RAM            

        CLASS   BANK0          

        CLASS   BANK1          

        CLASS   BANK2          

        CLASS   BANK3          

        CLASS   BANK4          

        CLASS   BANK5          

        CLASS   BANK6          

        CLASS   BANK7          

        CLASS   SFR            

        CLASS   CONFIG         
                config                           300000   300000        E         4

        CLASS   IDLOC          
                idloc                            200000   200000        8         5

        CLASS   EEDATA         

        CLASS   FARRAM         



SEGMENTS        Name                           Load    Length   Top    Selector   Space  Class

                reset_vec                      000000  000004  000004         0       0  CODE    
                cstackCOMRAM                   000001  000006  000007         1       1  COMRAM  
                cinit                          007EFA  000006  007F00      3F7D       0  CODE    
                text5                          007F00  000008  007F08      3F80       0  CODE    
                text4                          007F08  000008  007F10      3F84       0  CODE    
                text2                          007F10  000008  007F18      3F88       0  CODE    
                text3                          007F18  00002E  007F46      3F8C       0  CODE    
                text1                          007F46  00003C  007F82      3FA3       0  CODE    
                text0                          007F82  00007E  008000      3FC1       0  CODE    


UNUSED ADDRESS RANGES

        Name                Unused          Largest block    Delta
        BANK0            000060-0000FF               A0
        BANK1            000100-0001FF              100
        BANK2            000200-0002FF              100
        BANK3            000300-0003FF              100
        BANK4            000400-0004FF              100
        BANK5            000500-0005FF              100
        BANK6            000600-0006FF              100
        BANK7            000700-0007FF              100
        BIGRAM           000007-0007FF              7F9
        CODE             000004-007EF9             7EF6
        COMRAM           000007-00005F               59
        CONST            000004-007EF9             7EF6
        EEDATA           F00000-F000FF              100
        MEDIUMCONST      000800-007EF9             76FA
        RAM              000060-0007FF              100
        SFR              000F60-000FFF               A0
        SMALLCONST       000800-007EF9              100
        STACK            000060-0007FF              7A0

                                  Symbol Table

EnvioDato@Dato           cstackCOMRAM 000002
EnvioDato@Direccion      cstackCOMRAM 000003
EnvioDato@Registro       cstackCOMRAM 000001
LecturaDato@Direccion    cstackCOMRAM 000002
LecturaDato@Registro     cstackCOMRAM 000001
_EnvioDato               text3        007F18
_LATD                    (abs)        000F8C
_LecturaDato             text1        007F46
_PEN                     (abs)        007E2A
_PIR1                    (abs)        000F9E
_RCEN                    (abs)        007E2B
_RSEN                    (abs)        007E29
_Rstart                  text2        007F10
_SEN                     (abs)        007E28
_SSPADD                  (abs)        000FC8
_SSPBUF                  (abs)        000FC9
_SSPCON1                 (abs)        000FC6
_SSPCON2                 (abs)        000FC5
_SSPIF                   (abs)        007CF3
_SSPSTAT                 (abs)        000FC7
_Start                   text5        007F00
_Stop                    text4        007F08
_TRISD                   (abs)        000F95
__HRAM                   (abs)        000000
__Habs1                  abs1         000000
__Hbank0                 bank0        000000
__Hbank1                 bank1        000000
__Hbank2                 bank2        000000
__Hbank3                 bank3        000000
__Hbank4                 bank4        000000
__Hbank5                 bank5        000000
__Hbank6                 bank6        000000
__Hbank7                 bank7        000000
__Hbigbss                bigbss       000000
__Hbigdata               bigdata      000000
__Hbigram                bigram       000000
__Hbss                   bss          000000
__Hcinit                 cinit        000000
__Hclrtext               clrtext      000000
__Hcomram                comram       000000
__Hconfig                config       30000E
__Hconst                 const        000000
__HcstackCOMRAM          cstackCOMRAM 000000
__Hdata                  data         000000
__Heeprom_data           eeprom_data  000000
__Hfarbss                farbss       000000
__Hfardata               fardata      000000
__Hibigdata              ibigdata     000000
__Hidata                 idata        000000
__Hidloc                 idloc        200008
__Hifardata              ifardata     000000
__Hinit                  init         000004
__Hintcode               intcode      000000
__Hintcode_body          intcode_body 000000
__Hintcodelo             intcodelo    000000
__Hintentry              intentry     000000
__Hintret                intret       000000
__Hintsave_regs          intsave_regs 000000
__Hirdata                irdata       000000
__Hmediumconst           mediumconst  000000
__HnvFARRAM              nvFARRAM     000000
__Hnvbit                 nvbit        000000
__Hnvrram                nvrram       000000
__Hparam                 rparam       000000
__Hpowerup               powerup      000000
__Hram                   ram          000000
__Hramtop                ramtop       000800
__Hrbit                  rbit         000000
__Hrbss                  rbss         000000
__Hrdata                 rdata        000000
__Hreset_vec             reset_vec    000000
__Hrparam                rparam       000000
__Hsfr                   sfr          000000
__Hsmallconst            smallconst   000000
__Hspace_0               (abs)        008000
__Hspace_1               (abs)        000007
__Hspace_2               (abs)        000000
__Hspace_4               (abs)        60000E
__Hstack                 stack        000000
__Hstruct                struct       000000
__Htemp                  temp         000000
__Htext                  text         000000
__Htext0                 text0        000000
__Htext1                 text1        000000
__Htext2                 text2        000000
__Htext3                 text3        000000
__Htext4                 text4        000000
__Htext5                 text5        000000
__LRAM                   (abs)        000001
__Labs1                  abs1         000000
__Lbank0                 bank0        000000
__Lbank1                 bank1        000000
__Lbank2                 bank2        000000
__Lbank3                 bank3        000000
__Lbank4                 bank4        000000
__Lbank5                 bank5        000000
__Lbank6                 bank6        000000
__Lbank7                 bank7        000000
__Lbigbss                bigbss       000000
__Lbigdata               bigdata      000000
__Lbigram                bigram       000000
__Lbss                   bss          000000
__Lcinit                 cinit        000000
__Lclrtext               clrtext      000000
__Lcomram                comram       000000
__Lconfig                config       000000
__Lconst                 const        000000
__LcstackCOMRAM          cstackCOMRAM 000000
__Ldata                  data         000000
__Leeprom_data           eeprom_data  000000
__Lfarbss                farbss       000000
__Lfardata               fardata      000000
__Libigdata              ibigdata     000000
__Lidata                 idata        000000
__Lidloc                 idloc        000000
__Lifardata              ifardata     000000
__Linit                  init         000000
__Lintcode               intcode      000000
__Lintcode_body          intcode_body 000000
__Lintcodelo             intcodelo    000000
__Lintentry              intentry     000000
__Lintret                intret       000000
__Lintsave_regs          intsave_regs 000000
__Lirdata                irdata       000000
__Lmediumconst           mediumconst  000000
__LnvFARRAM              nvFARRAM     000000
__Lnvbit                 nvbit        000000
__Lnvrram                nvrram       000000
__Lparam                 rparam       000000
__Lpowerup               powerup      000000
__Lram                   ram          000000
__Lramtop                ramtop       000800
__Lrbit                  rbit         000000
__Lrbss                  rbss         000000
__Lrdata                 rdata        000000
__Lreset_vec             reset_vec    000000
__Lrparam                rparam       000000
__Lsfr                   sfr          000000
__Lsmallconst            smallconst   000000
__Lspace_0               (abs)        000000
__Lspace_1               (abs)        000000
__Lspace_2               (abs)        000000
__Lspace_4               (abs)        000000
__Lstack                 stack        000000
__Lstruct                struct       000000
__Ltemp                  temp         000000
__Ltext                  text         000000
__Ltext0                 text0        000000
__Ltext1                 text1        000000
__Ltext2                 text2        000000
__Ltext3                 text3        000000
__Ltext4                 text4        000000
__Ltext5                 text5        000000
__S0                     (abs)        008000
__S1                     (abs)        000007
__S2                     (abs)        000000
__S4                     (abs)        000000
__S5                     (abs)        000000
___inthi_sp              stack        000000
___intlo_sp              stack        000000
___param_bank            (abs)        000000
___rparam_used           (abs)        000001
___sp                    stack        000000
__accesstop              (abs)        000060
__activetblptr           (abs)        000000
__end_of_EnvioDato       text3        007F46
__end_of_LecturaDato     text1        007F82
__end_of_Rstart          text2        007F18
__end_of_Start           text5        007F08
__end_of_Stop            text4        007F10
__end_of__initialization cinit        007EFA
__end_of_main            text0        008000
__initialization         cinit        007EFA
__mediumconst            mediumconst  000000
__pcinit                 cinit        007EFA
__pcstackCOMRAM          cstackCOMRAM 000001
__ptext0                 text0        007F82
__ptext1                 text1        007F46
__ptext2                 text2        007F10
__ptext3                 text3        007F18
__ptext4                 text4        007F08
__ptext5                 text5        007F00
__ramtop                 ramtop       000800
__size_of_EnvioDato      (abs)        000000
__size_of_LecturaDato    (abs)        000000
__size_of_Rstart         (abs)        000000
__size_of_Start          (abs)        000000
__size_of_Stop           (abs)        000000
__size_of_main           (abs)        000000
__smallconst             smallconst   000000
_main                    text0        007F82
end_of_initialization    cinit        007EFA
intlevel0                text         000000
intlevel1                text         000000
intlevel2                text         000000
intlevel3                text         000000
isa$std                  (abs)        000001
isa$xinst                (abs)        000000
main@i                   cstackCOMRAM 000006
stackhi                  (abs)        0007FF
stacklo                  (abs)        000060
start                    init         000000
start_initialization     cinit        007EFA


MODULE INFORMATION

Module		Function		Class		Link	Load	Size
shared
		__initialization		CODE           	7EFA	0000	1

shared estimated size: 1

PruebaI2C.c
		_Rstart        		CODE           	7F10	0000	8
		_main          		CODE           	7F82	0000	126
		_Start         		CODE           	7F00	0000	8
		_LecturaDato   		CODE           	7F46	0000	60
		_EnvioDato     		CODE           	7F18	0000	46
		_Stop          		CODE           	7F08	0000	8

PruebaI2C.c estimated size: 256

